22:23:40 **** Incremental Build of configuration Debug for project UART_MIO_SW ****
make all 
make --no-print-directory pre-build
a9-linaro-pre-build-step
' '
make --no-print-directory main-build
'Building file: ../src/helloworld.c'
'Invoking: ARM v7 gcc compiler'
arm-none-eabi-gcc -Wall -O0 -g3 -c -fmessage-length=0 -MT"src/helloworld.o" -mcpu=cortex-a9 -mfpu=vfpv3 -mfloat-abi=hard -ID:/Xilinx/Workspace/1.Study/project_6_UART/UART_MIO/export/UART_MIO/sw/UART_MIO/standalone_domain/bspinclude/include -MMD -MP -MF"src/helloworld.d" -MT"src/helloworld.o" -o "src/helloworld.o" "../src/helloworld.c"
'Finished building: ../src/helloworld.c'
' '
'Building target: UART_MIO_SW.elf'
'Invoking: ARM v7 gcc linker'
arm-none-eabi-gcc -mcpu=cortex-a9 -mfpu=vfpv3 -mfloat-abi=hard -Wl,-build-id=none -specs=Xilinx.spec -Wl,-T -Wl,../src/lscript.ld -LD:/Xilinx/Workspace/1.Study/project_6_UART/UART_MIO/export/UART_MIO/sw/UART_MIO/standalone_domain/bsplib/lib -o "UART_MIO_SW.elf"  ./src/helloworld.o ./src/platform.o   -Wl,--start-group,-lxil,-lgcc,-lc,--end-group
'Finished building target: UART_MIO_SW.elf'
' '
'Invoking: ARM v7 Print Size'
arm-none-eabi-size UART_MIO_SW.elf  |tee "UART_MIO_SW.elf.size"
   text	   data	    bss	    dec	    hex	filename
  26534	   1160	  22648	  50342	   c4a6	UART_MIO_SW.elf
'Finished building: UART_MIO_SW.elf.size'
' '

22:23:43 Build Finished (took 3s.137ms)

